
  保存目录: /Users/yangguangqing/Desktop/aellus-drops
  访问地址: http://10.102.6.225:8000
     (同局域网内，浏览器打开上面地址)
  启动中... 按 Ctrl+C 停止

服务启动失败: listen tcp 0.0.0.0:8000: bind: address already in use
*** Terminating app due to uncaught exception 'NSInternalInconsistencyException', reason: 'bundleProxyForCurrentProcess is nil: mainBundle.bundleURL file:///Users/yangguangqing/tools/aellus/'
*** First throw call stack:
(
	0   CoreFoundation                      0x00000001883591c0 __exceptionPreprocess + 176
	1   libobjc.A.dylib                     0x0000000187de291c objc_exception_throw + 88
	2   Foundation                          0x0000000189be7330 -[NSCalendarDate initWithCoder:] + 0
	3   UserNotifications                   0x0000000197e3f8ac __53+[UNUserNotificationCenter currentNotificationCenter]_block_invoke.cold.2 + 104
	4   UserNotifications                   0x0000000197e0b49c __53+[UNUserNotificationCenter currentNotificationCenter]_block_invoke + 472
	5   libdispatch.dylib                   0x000000018808c4b0 _dispatch_client_callout + 16
	6   libdispatch.dylib                   0x0000000188075630 _dispatch_once_callout + 32
	7   UserNotifications                   0x0000000197e0b2c0 +[UNUserNotificationCenter currentNotificationCenter] + 176
	8   aellus                              0x0000000104619184 _cgo_76d9effa4fde_Cfunc_aellusRunMenuBar + 120
	9   aellus                              0x000000010434ecdc runtime.asmcgocall.abi0 + 124
)
libc++abi: terminating due to uncaught exception of type NSException
SIGABRT: abort
PC=0x1881f25e8 m=0 sigcode=0
signal arrived during cgo execution

goroutine 1 gp=0x4eff073da1e0 m=0 mp=0x104a90ae0 [syscall]:
runtime.cgocall(0x10461910c, 0x4eff0754fc48)
	/opt/homebrew/Cellar/go/1.26.5/libexec/src/runtime/cgocall.go:167 +0x44 fp=0x4eff0754fc10 sp=0x4eff0754fbd0 pc=0x104344b54
aellus/internal/platform._Cfunc_aellusRunMenuBar(0x106bcffa0, 0x106bcffd0)
	_cgo_gotypes.go:82 +0x2c fp=0x4eff0754fc40 sp=0x4eff0754fc10 pc=0x1045c98bc
aellus/internal/platform.RunMenuBar({0x4eff07404960?, 0x5?}, {0x4eff07402270, 0x18})
	/Users/yangguangqing/tools/aellus/internal/platform/menubar_darwin.go:123 +0x84 fp=0x4eff0754fca0 sp=0x4eff0754fc40 pc=0x1045c9a44
main.main()
	/Users/yangguangqing/tools/aellus/main.go:107 +0x8d8 fp=0x4eff0754ff30 sp=0x4eff0754fca0 pc=0x1045ca438
runtime.main()
	/opt/homebrew/Cellar/go/1.26.5/libexec/src/runtime/proc.go:290 +0x2b4 fp=0x4eff0754ffd0 sp=0x4eff0754ff30 pc=0x104314d44
runtime.goexit({})
	/opt/homebrew/Cellar/go/1.26.5/libexec/src/runtime/asm_arm64.s:1447 +0x4 fp=0x4eff0754ffd0 sp=0x4eff0754ffd0 pc=0x10434eee4

goroutine 2 gp=0x4eff073dad20 m=nil [force gc (idle)]:
runtime.gopark(0x0?, 0x0?, 0x0?, 0x0?, 0x0?)
	/opt/homebrew/Cellar/go/1.26.5/libexec/src/runtime/proc.go:462 +0xbc fp=0x4eff0743cf90 sp=0x4eff0743cf70 pc=0x104347b5c
runtime.goparkunlock(...)
	/opt/homebrew/Cellar/go/1.26.5/libexec/src/runtime/proc.go:468
runtime.forcegchelper()
	/opt/homebrew/Cellar/go/1.26.5/libexec/src/runtime/proc.go:375 +0xb4 fp=0x4eff0743cfd0 sp=0x4eff0743cf90 pc=0x104315064
runtime.goexit({})
	/opt/homebrew/Cellar/go/1.26.5/libexec/src/runtime/asm_arm64.s:1447 +0x4 fp=0x4eff0743cfd0 sp=0x4eff0743cfd0 pc=0x10434eee4
created by runtime.init.7 in goroutine 1
	/opt/homebrew/Cellar/go/1.26.5/libexec/src/runtime/proc.go:363 +0x24

goroutine 18 gp=0x4eff074843c0 m=nil [GC sweep wait]:
runtime.gopark(0x0?, 0x0?, 0x0?, 0x0?, 0x0?)
	/opt/homebrew/Cellar/go/1.26.5/libexec/src/runtime/proc.go:462 +0xbc fp=0x4eff07438770 sp=0x4eff07438750 pc=0x104347b5c
runtime.goparkunlock(...)
	/opt/homebrew/Cellar/go/1.26.5/libexec/src/runtime/proc.go:468
runtime.bgsweep(0x4eff07466000)
	/opt/homebrew/Cellar/go/1.26.5/libexec/src/runtime/mgcsweep.go:279 +0x9c fp=0x4eff074387b0 sp=0x4eff07438770 pc=0x1042ffdcc
runtime.gcenable.gowrap1()
	/opt/homebrew/Cellar/go/1.26.5/libexec/src/runtime/mgc.go:214 +0x20 fp=0x4eff074387d0 sp=0x4eff074387b0 pc=0x1042f12e0
runtime.goexit({})
	/opt/homebrew/Cellar/go/1.26.5/libexec/src/runtime/asm_arm64.s:1447 +0x4 fp=0x4eff074387d0 sp=0x4eff074387d0 pc=0x10434eee4
created by runtime.gcenable in goroutine 1
	/opt/homebrew/Cellar/go/1.26.5/libexec/src/runtime/mgc.go:214 +0x6c

goroutine 19 gp=0x4eff074845a0 m=nil [GC scavenge wait]:
runtime.gopark(0x4eff07466000?, 0x10464d878?, 0x1?, 0x0?, 0x4eff074845a0?)
	/opt/homebrew/Cellar/go/1.26.5/libexec/src/runtime/proc.go:462 +0xbc fp=0x4eff07438f60 sp=0x4eff07438f40 pc=0x104347b5c
runtime.goparkunlock(...)
	/opt/homebrew/Cellar/go/1.26.5/libexec/src/runtime/proc.go:468
runtime.(*scavengerState).park(0x104a8fc60)
	/opt/homebrew/Cellar/go/1.26.5/libexec/src/runtime/mgcscavenge.go:425 +0x5c fp=0x4eff07438f90 sp=0x4eff07438f60 pc=0x1042fd9bc
runtime.bgscavenge(0x4eff07466000)
	/opt/homebrew/Cellar/go/1.26.5/libexec/src/runtime/mgcscavenge.go:653 +0x44 fp=0x4eff07438fb0 sp=0x4eff07438f90 pc=0x1042fdef4
runtime.gcenable.gowrap2()
	/opt/homebrew/Cellar/go/1.26.5/libexec/src/runtime/mgc.go:215 +0x20 fp=0x4eff07438fd0 sp=0x4eff07438fb0 pc=0x1042f12a0
runtime.goexit({})
	/opt/homebrew/Cellar/go/1.26.5/libexec/src/runtime/asm_arm64.s:1447 +0x4 fp=0x4eff07438fd0 sp=0x4eff07438fd0 pc=0x10434eee4
created by runtime.gcenable in goroutine 1
	/opt/homebrew/Cellar/go/1.26.5/libexec/src/runtime/mgc.go:215 +0xac

goroutine 3 gp=0x4eff073dba40 m=nil [finalizer wait]:
runtime.gopark(0x0?, 0x0?, 0xb8?, 0xc5?, 0x1043486c4?)
	/opt/homebrew/Cellar/go/1.26.5/libexec/src/runtime/proc.go:462 +0xbc fp=0x4eff0743c580 sp=0x4eff0743c560 pc=0x104347b5c
runtime.runFinalizers()
	/opt/homebrew/Cellar/go/1.26.5/libexec/src/runtime/mfinal.go:210 +0x100 fp=0x4eff0743c7d0 sp=0x4eff0743c580 pc=0x1042f0300
runtime.goexit({})
	/opt/homebrew/Cellar/go/1.26.5/libexec/src/runtime/asm_arm64.s:1447 +0x4 fp=0x4eff0743c7d0 sp=0x4eff0743c7d0 pc=0x10434eee4
created by runtime.createfing in goroutine 1
	/opt/homebrew/Cellar/go/1.26.5/libexec/src/runtime/mfinal.go:172 +0x78

goroutine 4 gp=0x4eff073dbc20 m=nil [cleanup wait]:
runtime.gopark(0x0?, 0x0?, 0x0?, 0x0?, 0x0?)
	/opt/homebrew/Cellar/go/1.26.5/libexec/src/runtime/proc.go:462 +0xbc fp=0x4eff0743d750 sp=0x4eff0743d730 pc=0x104347b5c
runtime.goparkunlock(...)
	/opt/homebrew/Cellar/go/1.26.5/libexec/src/runtime/proc.go:468
runtime.(*cleanupQueue).dequeue(0x104a8ff40)
	/opt/homebrew/Cellar/go/1.26.5/libexec/src/runtime/mcleanup.go:522 +0x160 fp=0x4eff0743d790 sp=0x4eff0743d750 pc=0x1042ed290
runtime.runCleanups()
	/opt/homebrew/Cellar/go/1.26.5/libexec/src/runtime/mcleanup.go:718 +0x40 fp=0x4eff0743d7d0 sp=0x4eff0743d790 pc=0x1042ed9e0
runtime.goexit({})
	/opt/homebrew/Cellar/go/1.26.5/libexec/src/runtime/asm_arm64.s:1447 +0x4 fp=0x4eff0743d7d0 sp=0x4eff0743d7d0 pc=0x10434eee4
created by runtime.(*cleanupQueue).createGs in goroutine 1
	/opt/homebrew/Cellar/go/1.26.5/libexec/src/runtime/mcleanup.go:672 +0x108

r0      0x0
r1      0x0
r2      0x0
r3      0x0
r4      0x1881e4d97
r5      0x16bb34e00
r6      0x6e
r7      0xfffff0003ffff800
r8      0xfc97f0869778cd18
r9      0xfc97f08763421398
r10     0x2
r11     0xfffffffd
r12     0x0
r13     0x0
r14     0x0
r15     0x0
r16     0x148
r17     0x1f59eb000
r18     0x0
r19     0x6
r20     0x103
r21     0x1f43adf60
r22     0x1f18e4000
r23     0x1f5b18e48
r24     0x1f449f050
r25     0x0
r26     0x16bb36090
r27     0x810
r28     0x104a90100
r29     0x16bb34d70
lr      0x18822d8d8
sp      0x16bb34d50
pc      0x1881f25e8
fault   0x1881f25e8
